// Jest Snapshot v1, https://goo.gl/fbAQLP

exports[`Counter.vue should match snapshot 1`] = `
<h2>Counter</h2>
<p><span data-counter="counter">25</span><sup>2</sup> = 625</p>
<div><button>-1</button><button>+1</button><button>-1</button><button>+1</button></div>
`;
